"Cluster","Database"
"adxcicdtools.germanywestcentral.kusto.windows.net","testdb"
