Check that you have created '.approved.csv'. Recommend to run the test first time and copy recieved CSV.
